------------------------------------------------------------
Timing Analyzer Summary
------------------------------------------------------------

Type  : Slow 1200mV 85C Model Setup 'clk'
Slack : -1.912
TNS   : -39.470

Type  : Slow 1200mV 85C Model Setup 'clk2[25]'
Slack : -0.955
TNS   : -8.913

Type  : Slow 1200mV 85C Model Setup 'clk1[15]'
Slack : 0.219
TNS   : 0.000

Type  : Slow 1200mV 85C Model Hold 'clk2[25]'
Slack : 0.258
TNS   : 0.000

Type  : Slow 1200mV 85C Model Hold 'clk1[15]'
Slack : 0.358
TNS   : 0.000

Type  : Slow 1200mV 85C Model Hold 'clk'
Slack : 0.360
TNS   : 0.000

Type  : Slow 1200mV 85C Model Minimum Pulse Width 'clk'
Slack : -3.000
TNS   : -44.000

Type  : Slow 1200mV 85C Model Minimum Pulse Width 'clk2[25]'
Slack : -1.000
TNS   : -21.000

Type  : Slow 1200mV 85C Model Minimum Pulse Width 'clk1[15]'
Slack : -1.000
TNS   : -6.000

Type  : Slow 1200mV 0C Model Setup 'clk'
Slack : -1.558
TNS   : -30.434

Type  : Slow 1200mV 0C Model Setup 'clk2[25]'
Slack : -0.727
TNS   : -5.791

Type  : Slow 1200mV 0C Model Setup 'clk1[15]'
Slack : 0.298
TNS   : 0.000

Type  : Slow 1200mV 0C Model Hold 'clk2[25]'
Slack : 0.232
TNS   : 0.000

Type  : Slow 1200mV 0C Model Hold 'clk1[15]'
Slack : 0.312
TNS   : 0.000

Type  : Slow 1200mV 0C Model Hold 'clk'
Slack : 0.320
TNS   : 0.000

Type  : Slow 1200mV 0C Model Minimum Pulse Width 'clk'
Slack : -3.000
TNS   : -44.000

Type  : Slow 1200mV 0C Model Minimum Pulse Width 'clk2[25]'
Slack : -1.000
TNS   : -21.000

Type  : Slow 1200mV 0C Model Minimum Pulse Width 'clk1[15]'
Slack : -1.000
TNS   : -6.000

Type  : Fast 1200mV 0C Model Setup 'clk'
Slack : -0.664
TNS   : -5.985

Type  : Fast 1200mV 0C Model Setup 'clk2[25]'
Slack : -0.099
TNS   : -0.099

Type  : Fast 1200mV 0C Model Setup 'clk1[15]'
Slack : 0.564
TNS   : 0.000

Type  : Fast 1200mV 0C Model Hold 'clk2[25]'
Slack : 0.142
TNS   : 0.000

Type  : Fast 1200mV 0C Model Hold 'clk1[15]'
Slack : 0.186
TNS   : 0.000

Type  : Fast 1200mV 0C Model Hold 'clk'
Slack : 0.193
TNS   : 0.000

Type  : Fast 1200mV 0C Model Minimum Pulse Width 'clk'
Slack : -3.000
TNS   : -46.594

Type  : Fast 1200mV 0C Model Minimum Pulse Width 'clk2[25]'
Slack : -1.000
TNS   : -21.000

Type  : Fast 1200mV 0C Model Minimum Pulse Width 'clk1[15]'
Slack : -1.000
TNS   : -6.000

------------------------------------------------------------
